// Jest Snapshot v1, https://goo.gl/fbAQLP

exports[`Auth page Snapshot 1`] = `
<DocumentFragment>
  <main>
    <div
      class="containerNotfound"
    >
      <div
        class="notfound"
      >
        <div
          class="notfound_404"
        >
          <h1>
            :(
          </h1>
        </div>
        <h2>
          404 - Page not found
        </h2>
        <p>
          The page you are looking for might have been removed had its name changed or is temporarily unavailable.
        </p>
        <a
          class=""
          href="/"
        >
          home page
        </a>
      </div>
    </div>
  </main>
</DocumentFragment>
`;
