// Jest Snapshot v1, https://goo.gl/fbAQLP

exports[`RegisterForm Snapshot 1`] = `
<DocumentFragment>
  <div
    class="blockForm"
  >
    <form
      action="#"
    >
      <div
        class="formBanner"
      >
        <img
          alt=""
          src="bg-head-form.jpg"
        />
      </div>
      <div
        class="containerFields"
      >
        <h2
          class="formTitle"
        >
          Registration Info
        </h2>
        <div
          class="formBlockField formBlock__field"
        >
          <input
            autocomplete="on"
            class="formField"
            data-testid="input_email"
            for="email"
            id="email"
            name="email"
            type="email"
            value=""
          />
          <div
            class="formLabel"
          >
            <label
              for="email"
            >
              Your email
            </label>
          </div>
        </div>
        <div
          class="formBlockField formBlock__field"
        >
          <input
            autocomplete="on"
            class="formField"
            data-testid="input_password"
            for="password"
            id="password"
            name="password"
            type="password"
            value=""
          />
          <div
            class="formLabel"
          >
            <label
              for="password"
            >
              Your password
            </label>
          </div>
        </div>
        <div>
          <button
            class="formBtn formBtn_hover formBtn_active"
            type="submit"
          >
            Send
          </button>
        </div>
        <div
          class="formFooter footer__form"
        >
          <a
            class=""
            href="/auth/"
          >
            Authorize
          </a>
          <a
            class=""
            href="/forget/"
          >
            forget password
          </a>
        </div>
      </div>
    </form>
  </div>
</DocumentFragment>
`;
