// Jest Snapshot v1, https://goo.gl/fbAQLP

exports[`auth page render 1`] = `<DocumentFragment />`;
